// Jest Snapshot v1, https://goo.gl/fbAQLP

exports[`App displays error when assets fail to load 1`] = `
<View
  style={
    Object {
      "alignItems": "center",
      "flex": 1,
      "flexDirection": "column",
      "justifyContent": "center",
    }
  }
>
  <ThemedComponent
    name="error"
    size={156}
  />
  <Text
    style={
      Array [
        Object {
          "color": "#616161",
          "fontSize": 24,
          "paddingBottom": 10,
        },
        Object {
          "color": undefined,
        },
      ]
    }
  >
    We're having some trouble!
  </Text>
  <Text
    style={
      Array [
        Object {
          "color": "#616161",
          "fontSize": 18,
        },
        Object {
          "color": undefined,
        },
      ]
    }
  >
    We couldn't load some assets.
  </Text>
  <Text
    style={
      Array [
        Object {
          "color": "#616161",
          "fontSize": 18,
        },
        Object {
          "color": undefined,
        },
      ]
    }
  >
    Try again in a moment.
  </Text>
  <ThemedComponent
    icon="refresh"
    onPress={[Function]}
    primary={true}
    style={
      Object {
        "container": Object {
          "margin": 20,
          "width": "75%",
        },
      }
    }
    text="Reload"
  />
</View>
`;

exports[`App loads assets on retry after error 1`] = `
<AppLoading
  onError={[Function]}
  onFinish={[Function]}
  startAsync={[Function]}
/>
`;

exports[`App loads assets on retry after error 2`] = `
<View
  style={
    Object {
      "alignItems": "center",
      "flex": 1,
      "flexDirection": "column",
      "justifyContent": "center",
    }
  }
>
  <ThemedComponent
    name="error"
    size={156}
  />
  <Text
    style={
      Array [
        Object {
          "color": "#616161",
          "fontSize": 24,
          "paddingBottom": 10,
        },
        Object {
          "color": undefined,
        },
      ]
    }
  >
    We're having some trouble!
  </Text>
  <Text
    style={
      Array [
        Object {
          "color": "#616161",
          "fontSize": 18,
        },
        Object {
          "color": undefined,
        },
      ]
    }
  >
    We couldn't load some assets.
  </Text>
  <Text
    style={
      Array [
        Object {
          "color": "#616161",
          "fontSize": 18,
        },
        Object {
          "color": undefined,
        },
      ]
    }
  >
    Try again in a moment.
  </Text>
  <ThemedComponent
    icon="refresh"
    onPress={[Function]}
    primary={true}
    style={
      Object {
        "container": Object {
          "margin": 20,
          "width": "75%",
        },
      }
    }
    text="Reload"
  />
</View>
`;

exports[`App loads assets on retry after error 3`] = `
<AppLoading
  onError={[Function]}
  onFinish={[Function]}
  startAsync={[Function]}
/>
`;

exports[`App loads assets on retry after error 4`] = `
<ContextProvider
  value={
    Object {
      "actionButton": Object {
        "container": Object {
          "backgroundColor": "#f44336",
          "borderRadius": 28,
          "height": 56,
          "width": 56,
        },
        "icon": Object {
          "color": "#ffffff",
        },
        "overlayContainer": Object {
          "backgroundColor": "rgba(255, 255, 255, 0.8)",
          "bottom": 0,
          "left": 0,
          "position": "absolute",
          "right": 0,
          "shadowColor": "#000000",
          "shadowOffset": Object {
            "height": 1,
            "width": 0,
          },
          "shadowOpacity": 0.3,
          "shadowRadius": 2,
          "top": 0,
          "zIndex": 1,
        },
        "positionContainer": Object {
          "bottom": 20,
          "position": "absolute",
          "right": 20,
        },
        "speedDialActionContainer": Object {
          "alignItems": "center",
          "flexDirection": "row",
          "paddingLeft": 8,
        },
        "speedDialActionIcon": Object {
          "backgroundColor": "#9e9e9e",
          "borderRadius": 20,
          "height": 40,
          "shadowColor": "#000000",
          "shadowOffset": Object {
            "height": 1,
            "width": 0,
          },
          "shadowOpacity": 0.3,
          "shadowRadius": 1,
          "width": 40,
          "zIndex": 1,
        },
        "speedDialActionIconContainer": Object {
          "alignItems": "center",
          "height": 56,
          "justifyContent": "center",
          "width": 56,
        },
        "speedDialActionLabel": Object {
          "color": "rgba(0, 0, 0, 0.54)",
        },
        "speedDialActionLabelContainer": Object {
          "backgroundColor": "#f5f5f5",
          "borderRadius": 2,
          "marginRight": 24,
          "paddingHorizontal": 8,
          "paddingVertical": 2,
          "shadowColor": "#000000",
          "shadowOffset": Object {
            "height": 1,
            "width": 0,
          },
          "shadowOpacity": 0.3,
          "shadowRadius": 1,
          "zIndex": 1,
        },
        "speedDialContainer": Object {
          "alignItems": "flex-end",
        },
        "toolbarActionContainer": Object {
          "alignItems": "center",
          "flex": 1,
          "justifyContent": "center",
        },
        "toolbarContainer": Object {
          "backgroundColor": "#f44336",
          "flex": 1,
          "flexDirection": "row",
          "height": 56,
        },
        "toolbarPositionContainer": Object {
          "bottom": 0,
          "left": 0,
          "position": "absolute",
          "right": 0,
        },
      },
      "avatar": Object {
        "container": Object {
          "alignItems": "center",
          "backgroundColor": "hsl(0, 0%, 74%)",
          "borderRadius": 20,
          "height": 40,
          "justifyContent": "center",
          "width": 40,
        },
        "content": Object {
          "color": "#ffffff",
        },
      },
      "badge": Object {
        "container": Object {
          "alignItems": "center",
          "backgroundColor": "#3f51b5",
          "borderRadius": 8,
          "height": 16,
          "justifyContent": "center",
          "position": "absolute",
          "width": 16,
        },
        "content": Object {
          "color": "#ffffff",
          "fontSize": 12,
          "fontWeight": "500",
        },
        "strokeContainer": Object {
          "alignItems": "center",
          "backgroundColor": "#ffffff",
          "borderRadius": 8,
          "height": 16,
          "justifyContent": "center",
          "position": "absolute",
          "width": 16,
        },
      },
      "bottomNavigation": Object {
        "actionsContainer": Object {
          "flexDirection": "row",
          "justifyContent": "center",
        },
        "container": Object {
          "backgroundColor": "#ffffff",
          "borderTopColor": "rgba(0, 0, 0, 0.12)",
          "borderTopWidth": 0.5,
          "height": 56,
          "shadowColor": "#000000",
          "shadowOffset": Object {
            "height": 1,
            "width": 0,
          },
          "shadowOpacity": 0.3,
          "shadowRadius": 4,
          "zIndex": 8,
        },
      },
      "bottomNavigationAction": Object {
        "container": Object {
          "alignItems": "center",
          "flex": 1,
          "justifyContent": "center",
          "maxWidth": 168,
          "minWidth": 80,
          "paddingBottom": 12,
          "paddingLeft": 12,
          "paddingRight": 12,
          "paddingTop": 8,
        },
        "containerActive": Object {
          "paddingTop": 6,
        },
        "iconActive": Object {
          "color": "#3f51b5",
        },
        "label": Object {
          "color": "rgba(0, 0, 0, 0.54)",
          "fontSize": 12,
          "textAlign": "center",
        },
        "labelActive": Object {
          "color": "#3f51b5",
          "fontSize": 14,
        },
      },
      "button": Object {
        "container": Object {
          "alignItems": "center",
          "borderRadius": 2,
          "flexDirection": "row",
          "height": 36,
          "justifyContent": "center",
          "paddingHorizontal": 16,
        },
        "icon": Object {
          "marginRight": 8,
        },
        "text": Object {
          "color": "#000000",
          "fontSize": 14,
          "fontWeight": "500",
        },
      },
      "buttonDisabled": Object {
        "text": Object {
          "color": "rgba(0, 0, 0, 0.26)",
        },
      },
      "buttonFlat": Object {},
      "buttonRaised": Object {
        "container": Object {
          "backgroundColor": "#fff",
          "borderColor": "rgba(0,0,0,.12)",
        },
      },
      "buttonRaisedDisabled": Object {
        "container": Object {
          "backgroundColor": "rgba(0, 0, 0, 0.12)",
        },
        "text": Object {
          "color": "rgba(0, 0, 0, 0.26)",
        },
      },
      "card": Object {
        "container": Object {
          "backgroundColor": "#ffffff",
          "borderRadius": 2,
          "marginHorizontal": 8,
          "marginVertical": 4,
          "overflow": "hidden",
          "shadowColor": "#000000",
          "shadowOffset": Object {
            "height": 1,
            "width": 0,
          },
          "shadowOpacity": 0.3,
          "shadowRadius": 1,
          "zIndex": 1,
        },
      },
      "checkbox": Object {
        "container": Object {
          "alignItems": "center",
          "flex": 1,
          "flexDirection": "row",
        },
        "icon": Object {
          "color": "#3f51b5",
        },
        "label": Object {
          "color": "#000000",
          "flex": 1,
          "marginLeft": 20,
        },
      },
      "dialog": Object {
        "actionsContainer": Object {},
        "container": Object {
          "backgroundColor": "#ffffff",
          "borderRadius": 2,
          "paddingTop": 24,
          "shadowColor": "#000000",
          "shadowOffset": Object {
            "height": 1,
            "width": 0,
          },
          "shadowOpacity": 0.3,
          "shadowRadius": 12,
          "width": 280,
          "zIndex": 1,
        },
        "contentContainer": Object {
          "paddingBottom": 24,
          "paddingHorizontal": 24,
        },
        "defaultActionsContainer": Object {
          "alignItems": "center",
          "flexDirection": "row",
          "height": 52,
          "justifyContent": "flex-end",
          "marginHorizontal": 8,
        },
        "stackedActionsContainer": Object {
          "marginBottom": 8,
        },
        "titleContainer": Object {
          "paddingBottom": 20,
          "paddingHorizontal": 24,
        },
        "titleText": Object {
          "color": "black",
          "fontFamily": "Roboto",
          "fontSize": 20,
          "fontWeight": "bold",
        },
      },
      "divider": Object {
        "container": Object {
          "backgroundColor": "rgba(0, 0, 0, 0.12)",
          "height": 0.5,
        },
      },
      "drawer": Object {
        "container": Object {
          "backgroundColor": "#ffffff",
          "flex": 1,
        },
      },
      "drawerHeader": Object {
        "container": Object {
          "left": 0,
          "position": "absolute",
          "right": 0,
          "top": 0,
        },
        "contentContainer": Object {
          "backgroundColor": "#9e9e9e",
          "height": 150,
        },
      },
      "drawerHeaderAccount": Object {
        "accountContainer": Object {
          "flex": 1,
          "marginBottom": 8,
          "paddingHorizontal": 16,
        },
        "activeAvatarContainer": Object {
          "flex": 1,
        },
        "avatarsContainer": Object {
          "flexDirection": "row",
        },
        "container": Object {
          "flex": 1,
          "paddingBottom": 8,
        },
        "inactiveAvatarContainer": Object {
          "paddingLeft": 8,
        },
        "topContainer": Object {
          "flex": 1,
          "justifyContent": "center",
        },
      },
      "drawerHeaderListItem": Object {
        "container": Object {
          "backgroundColor": "transparent",
        },
      },
      "drawerSection": Object {
        "container": Object {
          "paddingVertical": 8,
        },
        "icon": Object {
          "position": "absolute",
          "top": 13,
        },
        "item": Object {
          "alignItems": "center",
          "flex": 1,
          "flexDirection": "row",
          "height": 48,
          "paddingLeft": 16,
        },
        "label": Object {
          "paddingRight": 16,
          "top": 2,
        },
        "subheader": Object {
          "flex": 1,
        },
        "value": Object {
          "flex": 1,
          "paddingLeft": 56,
          "top": 2,
        },
      },
      "drawerSectionActiveItem": Object {
        "container": Object {
          "backgroundColor": "#f5f5f5",
        },
        "leftElement": Object {
          "color": "#3f51b5",
        },
        "primaryText": Object {
          "color": "#3f51b5",
          "fontSize": 14,
          "fontWeight": "500",
        },
      },
      "fontFamily": "Roboto",
      "iconSet": "MaterialIcons",
      "iconToggle": Object {
        "container": Object {
          "alignItems": "center",
          "height": 48,
          "justifyContent": "center",
          "width": 48,
        },
        "icon": Object {
          "color": "rgba(0, 0, 0, 0.54)",
        },
      },
      "listItem": Object {
        "centerElementContainer": Object {
          "flex": 1,
        },
        "container": Object {
          "backgroundColor": "#ffffff",
          "height": 56,
        },
        "contentViewContainer": Object {
          "alignItems": "center",
          "flex": 1,
          "flexDirection": "row",
        },
        "firstLine": Object {
          "flexDirection": "row",
        },
        "leftElement": Object {
          "color": "rgba(0, 0, 0, 0.54)",
          "margin": 16,
        },
        "leftElementContainer": Object {
          "marginLeft": 16,
          "width": 56,
        },
        "primaryText": Object {
          "color": "rgba(0, 0, 0, 0.87)",
          "fontSize": 16,
          "fontWeight": "400",
          "lineHeight": 24,
        },
        "primaryTextContainer": Object {
          "flex": 1,
        },
        "rightElement": Object {
          "color": "rgba(0, 0, 0, 0.54)",
        },
        "rightElementContainer": Object {
          "backgroundColor": "transparent",
          "flexDirection": "row",
          "paddingRight": 4,
        },
        "secondaryText": Object {
          "color": "rgba(0, 0, 0, 0.54)",
          "fontSize": 14,
          "fontWeight": "400",
          "lineHeight": 20,
        },
        "tertiaryText": Object {
          "color": "rgba(0, 0, 0, 0.54)",
          "fontSize": 14,
          "fontWeight": "400",
          "lineHeight": 20,
        },
        "textViewContainer": Object {},
      },
      "palette": Object {
        "accentColor": "#f44336",
        "activeIcon": "rgba(0, 0, 0, 0.54)",
        "alternateTextColor": "#ffffff",
        "backdropIconColor": "#bdbdbd",
        "backgroundColor": "#eeeeee",
        "borderColor": "rgba(0, 0, 0, 0.12)",
        "canvasColor": "#ffffff",
        "disabledColor": "#e0e0e0",
        "disabledTextColor": "rgba(0, 0, 0, 0.26)",
        "fadedBackgroundColor": "rgba(0, 0, 0, 0.7)",
        "fadedTextColor": "#616161",
        "highlightedDiceColor": "#f44336",
        "iconColor": "#757575",
        "inactiveIcon": "rgba(0, 0, 0, 0.38)",
        "modalBackgroundColor": "#ffffff",
        "noteColor": "#9e9e9e",
        "primaryColor": "#3f51b5",
        "primaryTextColor": "rgba(0, 0, 0, 0.87)",
        "secondaryTextColor": "rgba(0, 0, 0, 0.54)",
        "standardDiceColor": "#424242",
        "textColor": "#000000",
      },
      "snackbar": Object {
        "actionContainer": Object {
          "height": 14,
          "paddingHorizontal": 0,
        },
        "actionText": Object {
          "color": "#3f51b5",
        },
        "container": Object {
          "alignItems": "center",
          "backgroundColor": "#323232",
          "borderRadius": 4,
          "bottom": 0,
          "flex": 1,
          "flexDirection": "row",
          "margin": 8,
          "paddingHorizontal": 16,
          "position": "absolute",
          "shadowColor": "#000000",
          "shadowOffset": Object {
            "height": 1,
            "width": 0,
          },
          "shadowOpacity": 0.3,
          "shadowRadius": 2,
          "zIndex": 4,
        },
        "content": Object {
          "alignItems": "center",
          "flex": 1,
          "flexDirection": "row",
        },
        "message": Object {
          "color": "#ffffff",
          "flex": 1,
          "fontSize": 14,
          "fontWeight": "500",
          "lineHeight": 16,
          "marginVertical": 16,
        },
      },
      "spacing": Object {
        "actionButtonSize": 56,
        "avatarSize": 40,
        "iconSize": 24,
      },
      "subheader": Object {
        "container": Object {
          "height": 48,
          "justifyContent": "center",
        },
        "text": Object {
          "color": "rgba(0, 0, 0, 0.54)",
          "fontSize": 14,
          "fontWeight": "500",
          "lineHeight": 24,
        },
      },
      "toolbar": Object {
        "centerElementContainer": Object {
          "flex": 1,
          "marginLeft": 20,
        },
        "container": Object {
          "alignItems": "center",
          "backgroundColor": "#3f51b5",
          "elevation": 0,
          "flexDirection": "row",
          "height": 56,
          "overflow": "hidden",
          "paddingHorizontal": 4,
          "shadowColor": "#000000",
          "shadowOffset": Object {
            "height": 0,
            "width": 0,
          },
          "shadowOpacity": 0,
          "shadowRadius": 0,
          "zIndex": 1,
        },
        "leftElement": Object {
          "color": "#ffffff",
        },
        "leftElementContainer": Object {
          "backgroundColor": "transparent",
        },
        "rightElement": Object {
          "color": "#ffffff",
        },
        "rightElementContainer": Object {
          "backgroundColor": "transparent",
          "flexDirection": "row",
        },
        "titleText": Object {
          "color": "#ffffff",
          "fontFamily": "Roboto",
          "fontSize": 20,
          "fontWeight": "500",
        },
      },
      "toolbarSearchActive": Object {
        "centerElementContainer": Object {},
        "container": Object {
          "backgroundColor": "#ffffff",
        },
        "leftElement": Object {
          "color": "rgba(0, 0, 0, 0.54)",
        },
        "rightElement": Object {
          "color": "rgba(0, 0, 0, 0.54)",
        },
        "titleText": Object {
          "color": "rgba(0, 0, 0, 0.87)",
          "flex": 1,
          "fontFamily": "Roboto",
          "fontWeight": "400",
          "marginLeft": 16,
        },
      },
      "typography": Object {
        "appBar": Object {
          "fontSize": 20,
          "fontWeight": "500",
        },
        "body1": Object {
          "fontSize": 14,
          "fontWeight": "400",
          "lineHeight": 20,
        },
        "body2": Object {
          "fontSize": 14,
          "fontWeight": "500",
          "lineHeight": 24,
        },
        "buttons": Object {
          "fontSize": 14,
          "fontWeight": "500",
        },
        "fontWeight": Object {
          "light": "300",
          "medium": "500",
          "normal": "400",
        },
        "subheading": Object {
          "fontSize": 16,
          "fontWeight": "400",
          "lineHeight": 24,
        },
      },
    }
  }
>
  <NavigationContainer
    theme="light"
  />
</ContextProvider>
`;

exports[`App renders properly after assets have loaded 1`] = `
<ContextProvider
  value={
    Object {
      "actionButton": Object {
        "container": Object {
          "backgroundColor": "#f44336",
          "borderRadius": 28,
          "height": 56,
          "width": 56,
        },
        "icon": Object {
          "color": "#ffffff",
        },
        "overlayContainer": Object {
          "backgroundColor": "rgba(255, 255, 255, 0.8)",
          "bottom": 0,
          "left": 0,
          "position": "absolute",
          "right": 0,
          "shadowColor": "#000000",
          "shadowOffset": Object {
            "height": 1,
            "width": 0,
          },
          "shadowOpacity": 0.3,
          "shadowRadius": 2,
          "top": 0,
          "zIndex": 1,
        },
        "positionContainer": Object {
          "bottom": 20,
          "position": "absolute",
          "right": 20,
        },
        "speedDialActionContainer": Object {
          "alignItems": "center",
          "flexDirection": "row",
          "paddingLeft": 8,
        },
        "speedDialActionIcon": Object {
          "backgroundColor": "#9e9e9e",
          "borderRadius": 20,
          "height": 40,
          "shadowColor": "#000000",
          "shadowOffset": Object {
            "height": 1,
            "width": 0,
          },
          "shadowOpacity": 0.3,
          "shadowRadius": 1,
          "width": 40,
          "zIndex": 1,
        },
        "speedDialActionIconContainer": Object {
          "alignItems": "center",
          "height": 56,
          "justifyContent": "center",
          "width": 56,
        },
        "speedDialActionLabel": Object {
          "color": "rgba(0, 0, 0, 0.54)",
        },
        "speedDialActionLabelContainer": Object {
          "backgroundColor": "#f5f5f5",
          "borderRadius": 2,
          "marginRight": 24,
          "paddingHorizontal": 8,
          "paddingVertical": 2,
          "shadowColor": "#000000",
          "shadowOffset": Object {
            "height": 1,
            "width": 0,
          },
          "shadowOpacity": 0.3,
          "shadowRadius": 1,
          "zIndex": 1,
        },
        "speedDialContainer": Object {
          "alignItems": "flex-end",
        },
        "toolbarActionContainer": Object {
          "alignItems": "center",
          "flex": 1,
          "justifyContent": "center",
        },
        "toolbarContainer": Object {
          "backgroundColor": "#f44336",
          "flex": 1,
          "flexDirection": "row",
          "height": 56,
        },
        "toolbarPositionContainer": Object {
          "bottom": 0,
          "left": 0,
          "position": "absolute",
          "right": 0,
        },
      },
      "avatar": Object {
        "container": Object {
          "alignItems": "center",
          "backgroundColor": "hsl(0, 0%, 74%)",
          "borderRadius": 20,
          "height": 40,
          "justifyContent": "center",
          "width": 40,
        },
        "content": Object {
          "color": "#ffffff",
        },
      },
      "badge": Object {
        "container": Object {
          "alignItems": "center",
          "backgroundColor": "#3f51b5",
          "borderRadius": 8,
          "height": 16,
          "justifyContent": "center",
          "position": "absolute",
          "width": 16,
        },
        "content": Object {
          "color": "#ffffff",
          "fontSize": 12,
          "fontWeight": "500",
        },
        "strokeContainer": Object {
          "alignItems": "center",
          "backgroundColor": "#ffffff",
          "borderRadius": 8,
          "height": 16,
          "justifyContent": "center",
          "position": "absolute",
          "width": 16,
        },
      },
      "bottomNavigation": Object {
        "actionsContainer": Object {
          "flexDirection": "row",
          "justifyContent": "center",
        },
        "container": Object {
          "backgroundColor": "#ffffff",
          "borderTopColor": "rgba(0, 0, 0, 0.12)",
          "borderTopWidth": 0.5,
          "height": 56,
          "shadowColor": "#000000",
          "shadowOffset": Object {
            "height": 1,
            "width": 0,
          },
          "shadowOpacity": 0.3,
          "shadowRadius": 4,
          "zIndex": 8,
        },
      },
      "bottomNavigationAction": Object {
        "container": Object {
          "alignItems": "center",
          "flex": 1,
          "justifyContent": "center",
          "maxWidth": 168,
          "minWidth": 80,
          "paddingBottom": 12,
          "paddingLeft": 12,
          "paddingRight": 12,
          "paddingTop": 8,
        },
        "containerActive": Object {
          "paddingTop": 6,
        },
        "iconActive": Object {
          "color": "#3f51b5",
        },
        "label": Object {
          "color": "rgba(0, 0, 0, 0.54)",
          "fontSize": 12,
          "textAlign": "center",
        },
        "labelActive": Object {
          "color": "#3f51b5",
          "fontSize": 14,
        },
      },
      "button": Object {
        "container": Object {
          "alignItems": "center",
          "borderRadius": 2,
          "flexDirection": "row",
          "height": 36,
          "justifyContent": "center",
          "paddingHorizontal": 16,
        },
        "icon": Object {
          "marginRight": 8,
        },
        "text": Object {
          "color": "#000000",
          "fontSize": 14,
          "fontWeight": "500",
        },
      },
      "buttonDisabled": Object {
        "text": Object {
          "color": "rgba(0, 0, 0, 0.26)",
        },
      },
      "buttonFlat": Object {},
      "buttonRaised": Object {
        "container": Object {
          "backgroundColor": "#fff",
          "borderColor": "rgba(0,0,0,.12)",
        },
      },
      "buttonRaisedDisabled": Object {
        "container": Object {
          "backgroundColor": "rgba(0, 0, 0, 0.12)",
        },
        "text": Object {
          "color": "rgba(0, 0, 0, 0.26)",
        },
      },
      "card": Object {
        "container": Object {
          "backgroundColor": "#ffffff",
          "borderRadius": 2,
          "marginHorizontal": 8,
          "marginVertical": 4,
          "overflow": "hidden",
          "shadowColor": "#000000",
          "shadowOffset": Object {
            "height": 1,
            "width": 0,
          },
          "shadowOpacity": 0.3,
          "shadowRadius": 1,
          "zIndex": 1,
        },
      },
      "checkbox": Object {
        "container": Object {
          "alignItems": "center",
          "flex": 1,
          "flexDirection": "row",
        },
        "icon": Object {
          "color": "#3f51b5",
        },
        "label": Object {
          "color": "#000000",
          "flex": 1,
          "marginLeft": 20,
        },
      },
      "dialog": Object {
        "actionsContainer": Object {},
        "container": Object {
          "backgroundColor": "#ffffff",
          "borderRadius": 2,
          "paddingTop": 24,
          "shadowColor": "#000000",
          "shadowOffset": Object {
            "height": 1,
            "width": 0,
          },
          "shadowOpacity": 0.3,
          "shadowRadius": 12,
          "width": 280,
          "zIndex": 1,
        },
        "contentContainer": Object {
          "paddingBottom": 24,
          "paddingHorizontal": 24,
        },
        "defaultActionsContainer": Object {
          "alignItems": "center",
          "flexDirection": "row",
          "height": 52,
          "justifyContent": "flex-end",
          "marginHorizontal": 8,
        },
        "stackedActionsContainer": Object {
          "marginBottom": 8,
        },
        "titleContainer": Object {
          "paddingBottom": 20,
          "paddingHorizontal": 24,
        },
        "titleText": Object {
          "color": "black",
          "fontFamily": "Roboto",
          "fontSize": 20,
          "fontWeight": "bold",
        },
      },
      "divider": Object {
        "container": Object {
          "backgroundColor": "rgba(0, 0, 0, 0.12)",
          "height": 0.5,
        },
      },
      "drawer": Object {
        "container": Object {
          "backgroundColor": "#ffffff",
          "flex": 1,
        },
      },
      "drawerHeader": Object {
        "container": Object {
          "left": 0,
          "position": "absolute",
          "right": 0,
          "top": 0,
        },
        "contentContainer": Object {
          "backgroundColor": "#9e9e9e",
          "height": 150,
        },
      },
      "drawerHeaderAccount": Object {
        "accountContainer": Object {
          "flex": 1,
          "marginBottom": 8,
          "paddingHorizontal": 16,
        },
        "activeAvatarContainer": Object {
          "flex": 1,
        },
        "avatarsContainer": Object {
          "flexDirection": "row",
        },
        "container": Object {
          "flex": 1,
          "paddingBottom": 8,
        },
        "inactiveAvatarContainer": Object {
          "paddingLeft": 8,
        },
        "topContainer": Object {
          "flex": 1,
          "justifyContent": "center",
        },
      },
      "drawerHeaderListItem": Object {
        "container": Object {
          "backgroundColor": "transparent",
        },
      },
      "drawerSection": Object {
        "container": Object {
          "paddingVertical": 8,
        },
        "icon": Object {
          "position": "absolute",
          "top": 13,
        },
        "item": Object {
          "alignItems": "center",
          "flex": 1,
          "flexDirection": "row",
          "height": 48,
          "paddingLeft": 16,
        },
        "label": Object {
          "paddingRight": 16,
          "top": 2,
        },
        "subheader": Object {
          "flex": 1,
        },
        "value": Object {
          "flex": 1,
          "paddingLeft": 56,
          "top": 2,
        },
      },
      "drawerSectionActiveItem": Object {
        "container": Object {
          "backgroundColor": "#f5f5f5",
        },
        "leftElement": Object {
          "color": "#3f51b5",
        },
        "primaryText": Object {
          "color": "#3f51b5",
          "fontSize": 14,
          "fontWeight": "500",
        },
      },
      "fontFamily": "Roboto",
      "iconSet": "MaterialIcons",
      "iconToggle": Object {
        "container": Object {
          "alignItems": "center",
          "height": 48,
          "justifyContent": "center",
          "width": 48,
        },
        "icon": Object {
          "color": "rgba(0, 0, 0, 0.54)",
        },
      },
      "listItem": Object {
        "centerElementContainer": Object {
          "flex": 1,
        },
        "container": Object {
          "backgroundColor": "#ffffff",
          "height": 56,
        },
        "contentViewContainer": Object {
          "alignItems": "center",
          "flex": 1,
          "flexDirection": "row",
        },
        "firstLine": Object {
          "flexDirection": "row",
        },
        "leftElement": Object {
          "color": "rgba(0, 0, 0, 0.54)",
          "margin": 16,
        },
        "leftElementContainer": Object {
          "marginLeft": 16,
          "width": 56,
        },
        "primaryText": Object {
          "color": "rgba(0, 0, 0, 0.87)",
          "fontSize": 16,
          "fontWeight": "400",
          "lineHeight": 24,
        },
        "primaryTextContainer": Object {
          "flex": 1,
        },
        "rightElement": Object {
          "color": "rgba(0, 0, 0, 0.54)",
        },
        "rightElementContainer": Object {
          "backgroundColor": "transparent",
          "flexDirection": "row",
          "paddingRight": 4,
        },
        "secondaryText": Object {
          "color": "rgba(0, 0, 0, 0.54)",
          "fontSize": 14,
          "fontWeight": "400",
          "lineHeight": 20,
        },
        "tertiaryText": Object {
          "color": "rgba(0, 0, 0, 0.54)",
          "fontSize": 14,
          "fontWeight": "400",
          "lineHeight": 20,
        },
        "textViewContainer": Object {},
      },
      "palette": Object {
        "accentColor": "#f44336",
        "activeIcon": "rgba(0, 0, 0, 0.54)",
        "alternateTextColor": "#ffffff",
        "backdropIconColor": "#bdbdbd",
        "backgroundColor": "#eeeeee",
        "borderColor": "rgba(0, 0, 0, 0.12)",
        "canvasColor": "#ffffff",
        "disabledColor": "#e0e0e0",
        "disabledTextColor": "rgba(0, 0, 0, 0.26)",
        "fadedBackgroundColor": "rgba(0, 0, 0, 0.7)",
        "fadedTextColor": "#616161",
        "highlightedDiceColor": "#f44336",
        "iconColor": "#757575",
        "inactiveIcon": "rgba(0, 0, 0, 0.38)",
        "modalBackgroundColor": "#ffffff",
        "noteColor": "#9e9e9e",
        "primaryColor": "#3f51b5",
        "primaryTextColor": "rgba(0, 0, 0, 0.87)",
        "secondaryTextColor": "rgba(0, 0, 0, 0.54)",
        "standardDiceColor": "#424242",
        "textColor": "#000000",
      },
      "snackbar": Object {
        "actionContainer": Object {
          "height": 14,
          "paddingHorizontal": 0,
        },
        "actionText": Object {
          "color": "#3f51b5",
        },
        "container": Object {
          "alignItems": "center",
          "backgroundColor": "#323232",
          "borderRadius": 4,
          "bottom": 0,
          "flex": 1,
          "flexDirection": "row",
          "margin": 8,
          "paddingHorizontal": 16,
          "position": "absolute",
          "shadowColor": "#000000",
          "shadowOffset": Object {
            "height": 1,
            "width": 0,
          },
          "shadowOpacity": 0.3,
          "shadowRadius": 2,
          "zIndex": 4,
        },
        "content": Object {
          "alignItems": "center",
          "flex": 1,
          "flexDirection": "row",
        },
        "message": Object {
          "color": "#ffffff",
          "flex": 1,
          "fontSize": 14,
          "fontWeight": "500",
          "lineHeight": 16,
          "marginVertical": 16,
        },
      },
      "spacing": Object {
        "actionButtonSize": 56,
        "avatarSize": 40,
        "iconSize": 24,
      },
      "subheader": Object {
        "container": Object {
          "height": 48,
          "justifyContent": "center",
        },
        "text": Object {
          "color": "rgba(0, 0, 0, 0.54)",
          "fontSize": 14,
          "fontWeight": "500",
          "lineHeight": 24,
        },
      },
      "toolbar": Object {
        "centerElementContainer": Object {
          "flex": 1,
          "marginLeft": 20,
        },
        "container": Object {
          "alignItems": "center",
          "backgroundColor": "#3f51b5",
          "elevation": 0,
          "flexDirection": "row",
          "height": 56,
          "overflow": "hidden",
          "paddingHorizontal": 4,
          "shadowColor": "#000000",
          "shadowOffset": Object {
            "height": 0,
            "width": 0,
          },
          "shadowOpacity": 0,
          "shadowRadius": 0,
          "zIndex": 1,
        },
        "leftElement": Object {
          "color": "#ffffff",
        },
        "leftElementContainer": Object {
          "backgroundColor": "transparent",
        },
        "rightElement": Object {
          "color": "#ffffff",
        },
        "rightElementContainer": Object {
          "backgroundColor": "transparent",
          "flexDirection": "row",
        },
        "titleText": Object {
          "color": "#ffffff",
          "fontFamily": "Roboto",
          "fontSize": 20,
          "fontWeight": "500",
        },
      },
      "toolbarSearchActive": Object {
        "centerElementContainer": Object {},
        "container": Object {
          "backgroundColor": "#ffffff",
        },
        "leftElement": Object {
          "color": "rgba(0, 0, 0, 0.54)",
        },
        "rightElement": Object {
          "color": "rgba(0, 0, 0, 0.54)",
        },
        "titleText": Object {
          "color": "rgba(0, 0, 0, 0.87)",
          "flex": 1,
          "fontFamily": "Roboto",
          "fontWeight": "400",
          "marginLeft": 16,
        },
      },
      "typography": Object {
        "appBar": Object {
          "fontSize": 20,
          "fontWeight": "500",
        },
        "body1": Object {
          "fontSize": 14,
          "fontWeight": "400",
          "lineHeight": 20,
        },
        "body2": Object {
          "fontSize": 14,
          "fontWeight": "500",
          "lineHeight": 24,
        },
        "buttons": Object {
          "fontSize": 14,
          "fontWeight": "500",
        },
        "fontWeight": Object {
          "light": "300",
          "medium": "500",
          "normal": "400",
        },
        "subheading": Object {
          "fontSize": 16,
          "fontWeight": "400",
          "lineHeight": 24,
        },
      },
    }
  }
>
  <NavigationContainer
    theme="light"
  />
</ContextProvider>
`;

exports[`App renders properly before assets have loaded 1`] = `
<AppLoading
  onError={[Function]}
  onFinish={[Function]}
  startAsync={[Function]}
/>
`;
